// Jest Snapshot v1, https://goo.gl/fbAQLP

exports[`Message should render messages 1`] = `
<div
  className="root"
>
  <TransitionGroup
    childFactory={[Function]}
    component="div"
  >
    <CSSTransition
      classNames={
        Object {
          "enter": "messageEnter",
          "enterActive": "messageEnterActive",
          "exit": "messageExit",
          "exitActive": "messageExitActive",
        }
      }
      key="1"
      timeout={300}
    >
      <article
        className="message is-danger"
      >
        <div
          className="message-body content"
        >
          Foo
        </div>
      </article>
    </CSSTransition>
    <CSSTransition
      classNames={
        Object {
          "enter": "messageEnter",
          "enterActive": "messageEnterActive",
          "exit": "messageExit",
          "exitActive": "messageExitActive",
        }
      }
      key="2"
      timeout={300}
    >
      <article
        className="message is-info"
      >
        <div
          className="message-body content"
        >
          Bar
        </div>
      </article>
    </CSSTransition>
  </TransitionGroup>
</div>
`;
