// Jest Snapshot v1, https://goo.gl/fbAQLP

exports[`should not render a bulma modal when it is inactive 1`] = `""`;

exports[`should render a bulma modal when it is active 1`] = `
<div
  className="is-active modal root open"
>
  <div
    className="modal-background"
    onClick={[Function]}
    onKeyDown={[Function]}
    role="presentation"
  />
  <div
    className="modal-card"
  >
    <div
      className="modal-card-head"
    >
      <p
        className="modal-card-title"
      />
      <button
        className="delete is-large"
        onClick={[Function]}
        type="button"
      />
    </div>
    <div
      className="modal-card-body"
    >
      test
    </div>
  </div>
</div>
`;
