// Vitest Snapshot v1, https://vitest.dev/guide/snapshot.html

exports[`Loader > should match its snapshot 1`] = `
<div>
  <div
    class="loader appsemble-loader"
  />
</div>
`;
