// Jest Snapshot v1, https://goo.gl/fbAQLP

exports[`Template API should create a new app using a template 1`] = `
Object {
  "defaultPage": "Example Page A",
  "description": "This is a test app",
  "id": 1,
  "name": "Test app",
  "organizationId": "testorganization",
  "pages": Array [
    Object {
      "blocks": Array [
        Object {
          "actions": Object {
            "onClick": Object {
              "to": "Example Page B",
              "type": "link",
            },
          },
          "type": "action-button",
          "version": "0.8.2",
        },
      ],
      "name": "Example Page A",
    },
    Object {
      "blocks": Array [
        Object {
          "actions": Object {
            "onClick": Object {
              "to": "Example Page A",
              "type": "link",
            },
          },
          "type": "action-button",
          "version": "0.8.2",
        },
      ],
      "name": "Example Page B",
    },
  ],
  "path": "test-app",
  "private": true,
  "theme": Object {
    "themeColor": "#000000",
  },
  "yaml": "name: Test app
defaultPage: Example Page A
theme:
  themeColor: '#000000'
pages:
  - name: Example Page A
    blocks:
      - type: action-button
        version: 0.8.2
        actions:
          onClick:
            type: link
            to: Example Page B
  - name: Example Page B
    blocks:
      - type: action-button
        version: 0.8.2
        actions:
          onClick:
            type: link
            to: Example Page A
description: This is a test app
private: true
",
}
`;
