// Jest Snapshot v1, https://goo.gl/fbAQLP

exports[`should render the blocks for a page 1`] = `
<Fragment>
  <TitleBar>
    Test page
  </TitleBar>
  <withRouter(Connect(Block))
    block={Object {}}
    emitEvent={[Function]}
    key="0.1"
    offEvent={[Function]}
    onEvent={[Function]}
    showDialog={[Function]}
  />
  <withRouter(Connect(Block))
    block={Object {}}
    emitEvent={[Function]}
    key="1.1"
    offEvent={[Function]}
    onEvent={[Function]}
    showDialog={[Function]}
  />
  <ConnectFunction
    dialog={null}
    emitEvent={[Function]}
    offEvent={[Function]}
    onEvent={[Function]}
  />
</Fragment>
`;
