// Jest Snapshot v1, https://goo.gl/fbAQLP

exports[`<GUIEditorToolboxBlock /> rendering with blocks values should change block class to blockFrameSelected when clicked 1`] = `
<div
  className="main"
>
  <div
    className="blockFrame"
    key="map"
    onClick={[Function]}
    onKeyDown={[Function]}
    role="button"
    tabIndex={0}
  >
    <Icon
      icon="map"
      size="large"
    />
    <h2
      className="subtext"
    />
  </div>
  <div
    className="blockFrame"
    key="navigation"
    onClick={[Function]}
    onKeyDown={[Function]}
    role="button"
    tabIndex={0}
  >
    <Icon
      icon="route"
      size="large"
    />
    <h2
      className="subtext"
    />
  </div>
  <div
    className="blockFrameSelected"
    key="markdown"
    onClick={[Function]}
    onKeyDown={[Function]}
    role="button"
    tabIndex={0}
  >
    <Icon
      icon="font"
      size="large"
    />
    <h2
      className="subtext"
    />
  </div>
</div>
`;

exports[`<GUIEditorToolboxBlock /> rendering with no properties should render <Loader /> without given blocks 1`] = `<Loader />`;
